[trydo.pixcelsthemes.com/trydo/17-corporate-business.html]
[backblue.gif]
[fade.gif]
[index.html]
[trydo.pixcelsthemes.com/trydo/assets/images/favicon.ico]
[trydo.pixcelsthemes.com/trydo/assets/css/vendor/bootstrap.min.css]
[trydo.pixcelsthemes.com/trydo/assets/css/vendor/fontawesome.css]
[trydo.pixcelsthemes.com/trydo/assets/css/vendor/lightbox.css]
[trydo.pixcelsthemes.com/trydo/assets/css/plugins/plugins.css]
[trydo.pixcelsthemes.com/trydo/assets/css/style.css]
[trydo.pixcelsthemes.com/trydo/assets/images/about/sun-01.svg]
[trydo.pixcelsthemes.com/trydo/assets/images/about/vector.svg]
[trydo.pixcelsthemes.com/trydo/index.html]
[trydo.pixcelsthemes.com/trydo/assets/images/logo/logo-symbol-dark.png]
[trydo.pixcelsthemes.com/trydo/01-main-demo.html]
[trydo.pixcelsthemes.com/trydo/15-main-demo-dark.html]
[trydo.pixcelsthemes.com/trydo/02-creative-agency.html]
[trydo.pixcelsthemes.com/trydo/05-landing-creative-agency.html]
[trydo.pixcelsthemes.com/trydo/03-personal-portfolio.html]
[trydo.pixcelsthemes.com/trydo/04-landing-personal-portfolio-02.html]
[trydo.pixcelsthemes.com/trydo/06-landing-personal-portfolio.html]
[trydo.pixcelsthemes.com/trydo/13-designer-portfolio.html]
[trydo.pixcelsthemes.com/trydo/14-creative-portfolio.html]
[trydo.pixcelsthemes.com/trydo/07-business.html]
[trydo.pixcelsthemes.com/trydo/08-digital-agency.html]
[trydo.pixcelsthemes.com/trydo/09-minimal-portfolio.html]
[trydo.pixcelsthemes.com/trydo/10-studio-agency.html]
[trydo.pixcelsthemes.com/trydo/11-landing-home-particles.html]
[trydo.pixcelsthemes.com/trydo/12-startup.html]
[trydo.pixcelsthemes.com/trydo/16-paralax-home.html]
[trydo.pixcelsthemes.com/trydo/service.html]
[trydo.pixcelsthemes.com/trydo/service-details.html]
[trydo.pixcelsthemes.com/trydo/about.html]
[trydo.pixcelsthemes.com/trydo/blog.html]
[trydo.pixcelsthemes.com/trydo/blog-details.html]
[trydo.pixcelsthemes.com/trydo/portfolio.html]
[trydo.pixcelsthemes.com/trydo/portfolio-details.html]
[trydo.pixcelsthemes.com/trydo/404.html]
[trydo.pixcelsthemes.com/trydo/team.html]
[trydo.pixcelsthemes.com/trydo/video-popup.html]
[trydo.pixcelsthemes.com/trydo/progressbar.html]
[trydo.pixcelsthemes.com/trydo/gallery.html]
[trydo.pixcelsthemes.com/trydo/counterup.html]
[trydo.pixcelsthemes.com/trydo/brand.html]
[trydo.pixcelsthemes.com/trydo/contact-form.html]
[trydo.pixcelsthemes.com/trydo/columns.html]
[trydo.pixcelsthemes.com/trydo/button.html]
[trydo.pixcelsthemes.com/trydo/liststyle.html]
[trydo.pixcelsthemes.com/trydo/testimonial.html]
[trydo.pixcelsthemes.com/trydo/accordion.html]
[trydo.pixcelsthemes.com/trydo/pricing-plan.html]
[trydo.pixcelsthemes.com/trydo/contact.html]
[trydo.pixcelsthemes.com/trydo/assets/images/featured/corporate-01.jpg]
[trydo.pixcelsthemes.com/trydo/assets/images/featured/corporate-02.jpg]
[trydo.pixcelsthemes.com/trydo/assets/images/featured/corporate-03.jpg]
[trydo.pixcelsthemes.com/trydo/assets/images/about/about-4.png]
[trydo.pixcelsthemes.com/trydo/assets/images/team/team-01.jpg]
[trydo.pixcelsthemes.com/trydo/assets/images/team/team-03.jpg]
[trydo.pixcelsthemes.com/trydo/assets/images/team/team-05.jpg]
[trydo.pixcelsthemes.com/trydo/assets/images/team/team-06.jpg]
[trydo.pixcelsthemes.com/trydo/assets/images/about/about-3.png]
[trydo.pixcelsthemes.com/trydo/assets/images/brand/brand-01.png]
[trydo.pixcelsthemes.com/trydo/assets/images/brand/brand-02.png]
[trydo.pixcelsthemes.com/trydo/assets/images/brand/brand-03.png]
[trydo.pixcelsthemes.com/trydo/assets/images/brand/brand-04.png]
[trydo.pixcelsthemes.com/trydo/assets/images/brand/brand-05.png]
[trydo.pixcelsthemes.com/trydo/assets/images/brand/brand-06.png]
[trydo.pixcelsthemes.com/trydo/assets/images/blog/blog-01.jpg]
[trydo.pixcelsthemes.com/trydo/assets/images/blog/blog-02.jpg]
[trydo.pixcelsthemes.com/trydo/assets/images/blog/blog-03.jpg]
[trydo.pixcelsthemes.com/trydo/assets/images/logo/logo.png]
[trydo.pixcelsthemes.com/trydo/assets/js/vendor/modernizr.min.js]
[trydo.pixcelsthemes.com/trydo/assets/js/vendor/jquery.js]
[trydo.pixcelsthemes.com/trydo/assets/js/vendor/bootstrap.min.js]
[trydo.pixcelsthemes.com/trydo/assets/js/vendor/stellar.js]
[trydo.pixcelsthemes.com/trydo/assets/js/vendor/particles.js]
[trydo.pixcelsthemes.com/trydo/assets/js/vendor/masonry.js]
[trydo.pixcelsthemes.com/trydo/assets/js/vendor/stickysidebar.js]
[trydo.pixcelsthemes.com/trydo/assets/js/plugins/plugins.js]
[trydo.pixcelsthemes.com/trydo/assets/js/vendor/js.cookie.js]
[trydo.pixcelsthemes.com/trydo/assets/js/vendor/jquery.style.switcher.js]
[trydo.pixcelsthemes.com/trydo/assets/js/vendor/jquery-one-page-nav.js]
[trydo.pixcelsthemes.com/trydo/17-corporate-business.html]
[trydo.pixcelsthemes.com/trydo/assets/js/main.js]
[trydo.pixcelsthemes.com/trydo/assets/css/vendor/bootstrap.min.css]
[trydo.pixcelsthemes.com/trydo/assets/fonts/fontawesome-free/webfonts/fa-brands-400d41d.eot]
[trydo.pixcelsthemes.com/trydo/assets/fonts/fontawesome-free/webfonts/fa-brands-400.woff2]
[trydo.pixcelsthemes.com/trydo/assets/fonts/fontawesome-free/webfonts/fa-brands-400.woff]
[trydo.pixcelsthemes.com/trydo/assets/fonts/fontawesome-free/webfonts/fa-brands-400.ttf]
[trydo.pixcelsthemes.com/trydo/assets/fonts/fontawesome-free/webfonts/fa-brands-400.eot]
[trydo.pixcelsthemes.com/trydo/assets/fonts/fontawesome-free/webfonts/fa-brands-400.svg]
[trydo.pixcelsthemes.com/trydo/assets/fonts/fontawesome-free/webfonts/fa-regular-400.eot]
[trydo.pixcelsthemes.com/trydo/assets/fonts/fontawesome-free/webfonts/fa-regular-400d41d.eot]
[trydo.pixcelsthemes.com/trydo/assets/fonts/fontawesome-free/webfonts/fa-regular-400.woff2]
[trydo.pixcelsthemes.com/trydo/assets/fonts/fontawesome-free/webfonts/fa-regular-400.woff]
[trydo.pixcelsthemes.com/trydo/assets/fonts/fontawesome-free/webfonts/fa-regular-400.ttf]
[trydo.pixcelsthemes.com/trydo/assets/fonts/fontawesome-free/webfonts/fa-regular-400.svg]
[trydo.pixcelsthemes.com/trydo/assets/fonts/fontawesome-free/webfonts/fa-solid-900.eot]
[trydo.pixcelsthemes.com/trydo/assets/fonts/fontawesome-free/webfonts/fa-solid-900d41d.eot]
[trydo.pixcelsthemes.com/trydo/assets/fonts/fontawesome-free/webfonts/fa-solid-900.woff2]
[trydo.pixcelsthemes.com/trydo/assets/fonts/fontawesome-free/webfonts/fa-solid-900.woff]
[trydo.pixcelsthemes.com/trydo/assets/css/vendor/fontawesome.css]
[trydo.pixcelsthemes.com/trydo/assets/fonts/fontawesome-free/webfonts/fa-solid-900.ttf]
[trydo.pixcelsthemes.com/trydo/assets/fonts/fontawesome-free/webfonts/fa-solid-900.svg]
[trydo.pixcelsthemes.com/trydo/assets/images/icons/lgd641.eot]
[trydo.pixcelsthemes.com/trydo/assets/images/icons/lgd41d.eot]
[trydo.pixcelsthemes.com/trydo/assets/images/icons/lgd641.woff]
[trydo.pixcelsthemes.com/trydo/assets/images/icons/lgd641.ttf]
[trydo.pixcelsthemes.com/trydo/assets/css/fonts/lgd641.svg]
[trydo.pixcelsthemes.com/trydo/assets/images/icons/vimeo-play.png]
[trydo.pixcelsthemes.com/trydo/assets/images/icons/video-play.png]
[trydo.pixcelsthemes.com/trydo/assets/images/icons/youtube-play.png]
[trydo.pixcelsthemes.com/trydo/assets/images/icons/loading.gif]
[trydo.pixcelsthemes.com/trydo/assets/css/vendor/lightbox.css]
[trydo.pixcelsthemes.com/trydo/assets/images/ajax-loader.gif]
[trydo.pixcelsthemes.com/trydo/assets/fonts/slick.eot]
[trydo.pixcelsthemes.com/trydo/assets/fonts/slickd41d.eot]
[trydo.pixcelsthemes.com/trydo/assets/fonts/slick.woff]
[trydo.pixcelsthemes.com/trydo/assets/fonts/slick.ttf]
[trydo.pixcelsthemes.com/trydo/assets/css/plugins/plugins.css]
[trydo.pixcelsthemes.com/trydo/assets/fonts/slick.svg]
[trydo.pixcelsthemes.com/trydo/assets/images/bg/bg-image-1.jpg]
[trydo.pixcelsthemes.com/trydo/assets/images/bg/bg-image-2.jpg]
[trydo.pixcelsthemes.com/trydo/assets/images/bg/bg-image-3.jpg]
[trydo.pixcelsthemes.com/trydo/assets/images/bg/bg-image-4.jpg]
[trydo.pixcelsthemes.com/trydo/assets/images/bg/bg-image-5.jpg]
[trydo.pixcelsthemes.com/trydo/assets/images/bg/bg-image-6.jpg]
[trydo.pixcelsthemes.com/trydo/assets/images/bg/bg-image-7.jpg]
[trydo.pixcelsthemes.com/trydo/assets/images/bg/bg-image-8.jpg]
[trydo.pixcelsthemes.com/trydo/assets/images/bg/bg-image-9.jpg]
[trydo.pixcelsthemes.com/trydo/assets/images/bg/bg-image-10.jpg]
[trydo.pixcelsthemes.com/trydo/assets/images/bg/bg-image-11.jpg]
[trydo.pixcelsthemes.com/trydo/assets/images/bg/bg-image-12.jpg]
[trydo.pixcelsthemes.com/trydo/assets/images/bg/bg-image-13.jpg]
[trydo.pixcelsthemes.com/trydo/assets/images/bg/bg-image-14.jpg]
[trydo.pixcelsthemes.com/trydo/assets/images/bg/bg-image-15.jpg]
[trydo.pixcelsthemes.com/trydo/assets/images/bg/bg-image-16.jpg]
[trydo.pixcelsthemes.com/trydo/assets/images/bg/bg-image-17.jpg]
[trydo.pixcelsthemes.com/trydo/assets/images/bg/bg-image-18.jpg]
[trydo.pixcelsthemes.com/trydo/assets/images/bg/bg-image-19.jpg]
[trydo.pixcelsthemes.com/trydo/assets/images/bg/bg-image-20.jpg]
[trydo.pixcelsthemes.com/trydo/assets/images/bg/bg-image-21.jpg]
[trydo.pixcelsthemes.com/trydo/assets/images/bg/bg-image-22.jpg]
[trydo.pixcelsthemes.com/trydo/assets/images/bg/bg-image-23.jpg]
[trydo.pixcelsthemes.com/trydo/assets/images/bg/bg-image-24.jpg]
[trydo.pixcelsthemes.com/trydo/assets/images/bg/bg-image-25.jpg]
[trydo.pixcelsthemes.com/trydo/assets/images/bg/bg-image-26.jpg]
[trydo.pixcelsthemes.com/trydo/assets/images/bg/bg-image-27.jpg]
[trydo.pixcelsthemes.com/trydo/assets/images/bg/bg-image-28.jpg]
[trydo.pixcelsthemes.com/trydo/assets/images/bg/bg-image-29.jpg]
[trydo.pixcelsthemes.com/trydo/assets/images/bg/bg-image-30.jpg]
[trydo.pixcelsthemes.com/trydo/assets/images/pattern-1.png]
[trydo.pixcelsthemes.com/trydo/assets/images/logo/big-logo.png]
[trydo.pixcelsthemes.com/trydo/assets/images/portfolio/portfolio-1.jpg]
[trydo.pixcelsthemes.com/trydo/assets/images/portfolio/portfolio-2.jpg]
[trydo.pixcelsthemes.com/trydo/assets/images/portfolio/portfolio-3.jpg]
[trydo.pixcelsthemes.com/trydo/assets/images/portfolio/portfolio-4.jpg]
[trydo.pixcelsthemes.com/trydo/assets/images/portfolio/portfolio-5.jpg]
[trydo.pixcelsthemes.com/trydo/assets/images/portfolio/portfolio-6.jpg]
[trydo.pixcelsthemes.com/trydo/assets/images/portfolio/portfolio-7.jpg]
[trydo.pixcelsthemes.com/trydo/assets/images/portfolio/portfolio-8.jpg]
[trydo.pixcelsthemes.com/trydo/assets/images/portfolio/portfolio-9.jpg]
[trydo.pixcelsthemes.com/trydo/assets/images/portfolio/portfolio-static-01.jpg]
[trydo.pixcelsthemes.com/trydo/assets/images/portfolio/portfolio-static-02.jpg]
[trydo.pixcelsthemes.com/trydo/assets/images/portfolio/portfolio-static-03.jpg]
[trydo.pixcelsthemes.com/trydo/assets/images/portfolio/portfolio-static-04.jpg]
[trydo.pixcelsthemes.com/trydo/assets/images/portfolio/portfolio-static-05.jpg]
[trydo.pixcelsthemes.com/trydo/assets/images/portfolio/portfolio-static-06.jpg]
[trydo.pixcelsthemes.com/trydo/assets/images/portfolio/portfolio-static-07.jpg]
[trydo.pixcelsthemes.com/trydo/assets/images/portfolio/portfolio-static-08.jpg]
[trydo.pixcelsthemes.com/trydo/assets/images/portfolio/portfolio-static-09.jpg]
[trydo.pixcelsthemes.com/trydo/assets/images/portfolio/portfolio-static-10.jpg]
[trydo.pixcelsthemes.com/trydo/assets/images/icons/slick-arrow-left.png]
[trydo.pixcelsthemes.com/trydo/assets/images/icons/slick-arrow-right.png]
[trydo.pixcelsthemes.com/trydo/assets/images/icons/slick-arrow-left-small.png]
[trydo.pixcelsthemes.com/trydo/assets/images/icons/slick-arrow-right-small.png]
[trydo.pixcelsthemes.com/trydo/assets/images/client/image-1.png]
[trydo.pixcelsthemes.com/trydo/assets/images/client/image-2.png]
[trydo.pixcelsthemes.com/assets/images/client/image-1.png]
[trydo.pixcelsthemes.com/trydo/assets/css/style.css]
[trydo.pixcelsthemes.com/trydo/assets/images/about/sun-01.svg]
[trydo.pixcelsthemes.com/trydo/assets/images/about/vector.svg]
[trydo.pixcelsthemes.com/trydo/_assets/images/preview/preview-bg.jpg_]
[trydo.pixcelsthemes.com/trydo/assets/images/logo/logo-all-dark.png]
[trydo.pixcelsthemes.com/trydo/assets/images/preview/demo-home.png]
[trydo.pixcelsthemes.com/trydo/assets/images/preview/dark-main-demo.png]
[trydo.pixcelsthemes.com/trydo/assets/images/preview/corporate-business.png]
[trydo.pixcelsthemes.com/trydo/assets/images/preview/creative-agency.png]
[trydo.pixcelsthemes.com/trydo/assets/images/preview/dark-personal-portfolio-landing.png]
[trydo.pixcelsthemes.com/trydo/assets/images/preview/personal-portfolio-landing.png]
[trydo.pixcelsthemes.com/trydo/assets/images/preview/creative-landing.png]
[trydo.pixcelsthemes.com/trydo/assets/images/preview/creative-portfolio.png]
[trydo.pixcelsthemes.com/trydo/assets/images/preview/homeparticles.png]
[trydo.pixcelsthemes.com/trydo/assets/images/preview/designer-portfolio.png]
[trydo.pixcelsthemes.com/trydo/assets/images/preview/personal-portfolio.png]
[trydo.pixcelsthemes.com/trydo/assets/images/preview/portfolio-home.png]
[trydo.pixcelsthemes.com/trydo/assets/images/preview/digital-agency.png]
[trydo.pixcelsthemes.com/trydo/assets/images/preview/business.png]
[trydo.pixcelsthemes.com/trydo/assets/images/preview/startup.png]
[trydo.pixcelsthemes.com/trydo/assets/images/preview/studio-agency.png]
[trydo.pixcelsthemes.com/trydo/assets/images/preview/paralax.png]
[trydo.pixcelsthemes.com/trydo/assets/images/preview/coming-soon.png]
[trydo.pixcelsthemes.com/trydo/assets/images/preview/service.png]
[trydo.pixcelsthemes.com/trydo/assets/images/preview/service-details.png]
[trydo.pixcelsthemes.com/trydo/assets/images/preview/about.png]
[trydo.pixcelsthemes.com/trydo/assets/images/preview/blog-list.png]
[trydo.pixcelsthemes.com/trydo/assets/images/preview/blog-details.png]
[trydo.pixcelsthemes.com/trydo/assets/images/preview/portfolio.png]
[trydo.pixcelsthemes.com/trydo/assets/images/preview/portfolio-details.png]
[trydo.pixcelsthemes.com/trydo/assets/images/preview/404.png]
[trydo.pixcelsthemes.com/trydo/index.html]
[trydo.pixcelsthemes.com/trydo/assets/images/icons/icon-01.png]
[trydo.pixcelsthemes.com/trydo/assets/images/icons/icon-02.png]
[trydo.pixcelsthemes.com/trydo/assets/images/icons/icon-03.png]
[trydo.pixcelsthemes.com/trydo/assets/images/about/about-1.jpg]
[trydo.pixcelsthemes.com/trydo/assets/images/client/testimonial-1.jpg]
[trydo.pixcelsthemes.com/trydo/assets/images/client/testimonial-2.jpg]
[trydo.pixcelsthemes.com/trydo/assets/images/client/testimonial-3.jpg]
[trydo.pixcelsthemes.com/trydo/assets/images/client/testimonial-4.jpg]
[trydo.pixcelsthemes.com/trydo/assets/images/client/testimonial-5.jpg]
[trydo.pixcelsthemes.com/trydo/assets/images/client/testimonial-6.jpg]
[trydo.pixcelsthemes.com/trydo/assets/images/client/testimonial-7.jpg]
[trydo.pixcelsthemes.com/trydo/assets/images/client/testimonial-8.jpg]
[trydo.pixcelsthemes.com/trydo/01-main-demo.html]
[trydo.pixcelsthemes.com/trydo/15-main-demo-dark.html]
[trydo.pixcelsthemes.com/trydo/assets/images/logo/logo-light.png]
[trydo.pixcelsthemes.com/trydo/assets/images/bg/paralax/bg-image-3-overlay.jpg]
[trydo.pixcelsthemes.com/trydo/assets/images/team/team-02.jpg]
[trydo.pixcelsthemes.com/trydo/assets/images/blog/blog-04.jpg]
[trydo.pixcelsthemes.com/trydo/02-creative-agency.html]
[trydo.pixcelsthemes.com/trydo/assets/images/about/about-3.jpg]
[trydo.pixcelsthemes.com/trydo/assets/images/team/team-04.jpg]
[trydo.pixcelsthemes.com/trydo/assets/images/team/team-12.jpg]
[trydo.pixcelsthemes.com/trydo/assets/images/about/about-6.jpg]
[trydo.pixcelsthemes.com/trydo/05-landing-creative-agency.html]
[trydo.pixcelsthemes.com/trydo/assets/images/about/about-5.jpg]
[trydo.pixcelsthemes.com/trydo/03-personal-portfolio.html]
[trydo.pixcelsthemes.com/trydo/assets/images/about/about-8.jpg]
[trydo.pixcelsthemes.com/trydo/04-landing-personal-portfolio-02.html]
[trydo.pixcelsthemes.com/trydo/assets/images/about/about-9.jpg]
[trydo.pixcelsthemes.com/trydo/assets/images/about/about-7.jpg]
[trydo.pixcelsthemes.com/trydo/06-landing-personal-portfolio.html]
[trydo.pixcelsthemes.com/trydo/assets/images/about/designer-avatar.png]
[trydo.pixcelsthemes.com/trydo/assets/images/portfolio/big/dp-big--portfolio-01.jpg]
[trydo.pixcelsthemes.com/trydo/assets/images/portfolio/dp-portfolio-01.jpg]
[trydo.pixcelsthemes.com/trydo/assets/images/portfolio/big/dp-big--portfolio-02.jpg]
[trydo.pixcelsthemes.com/trydo/assets/images/portfolio/dp-portfolio-02.jpg]
[trydo.pixcelsthemes.com/trydo/13-designer-portfolio.html]
[trydo.pixcelsthemes.com/trydo/14-creative-portfolio.html]
[trydo.pixcelsthemes.com/trydo/07-business.html]
[trydo.pixcelsthemes.com/trydo/08-digital-agency.html]
[trydo.pixcelsthemes.com/trydo/09-minimal-portfolio.html]
[trydo.pixcelsthemes.com/trydo/10-studio-agency.html]
[trydo.pixcelsthemes.com/trydo/11-landing-home-particles.html]
[trydo.pixcelsthemes.com/trydo/12-startup.html]
[trydo.pixcelsthemes.com/trydo/16-paralax-home.html]
[trydo.pixcelsthemes.com/trydo/service.html]
[trydo.pixcelsthemes.com/trydo/assets/images/service/service-01.png]
[trydo.pixcelsthemes.com/trydo/assets/images/service/service-02.png]
[trydo.pixcelsthemes.com/trydo/service-details.html]
[trydo.pixcelsthemes.com/trydo/about.html]
[trydo.pixcelsthemes.com/trydo/blog.html]
[trydo.pixcelsthemes.com/trydo/assets/images/blog/bl-big-01.jpg]
[trydo.pixcelsthemes.com/trydo/blog-details.html]
[trydo.pixcelsthemes.com/trydo/portfolio.html]
[trydo.pixcelsthemes.com/trydo/assets/images/portfolio/portfolio-big-03.jpg]
[trydo.pixcelsthemes.com/trydo/assets/images/portfolio/portfolio-big-02.jpg]
[trydo.pixcelsthemes.com/trydo/assets/images/portfolio/portfolio-big-01.jpg]
[trydo.pixcelsthemes.com/trydo/assets/images/portfolio/related-image-01.jpg]
[trydo.pixcelsthemes.com/trydo/assets/images/portfolio/related-image-02.jpg]
[trydo.pixcelsthemes.com/trydo/portfolio-details.html]
[trydo.pixcelsthemes.com/trydo/404.html]
[trydo.pixcelsthemes.com/trydo/team.html]
[trydo.pixcelsthemes.com/trydo/video-popup.html]
[trydo.pixcelsthemes.com/trydo/progressbar.html]
[trydo.pixcelsthemes.com/trydo/gallery.html]
[trydo.pixcelsthemes.com/trydo/counterup.html]
[trydo.pixcelsthemes.com/trydo/brand.html]
[trydo.pixcelsthemes.com/trydo/contact-form.html]
[trydo.pixcelsthemes.com/trydo/columns.html]
[trydo.pixcelsthemes.com/trydo/button.html]
[trydo.pixcelsthemes.com/trydo/liststyle.html]
[trydo.pixcelsthemes.com/trydo/testimonial.html]
[trydo.pixcelsthemes.com/trydo/accordion.html]
[trydo.pixcelsthemes.com/trydo/pricing-plan.html]
[trydo.pixcelsthemes.com/trydo/contact.html]
[trydo.pixcelsthemes.com/trydo/assets/js/vendor/modernizr.min.js]
[trydo.pixcelsthemes.com/trydo/assets/js/vendor/jquery.js]
[trydo.pixcelsthemes.com/trydo/assets/js/vendor/bootstrap.min.js]
[trydo.pixcelsthemes.com/trydo/assets/js/vendor/stellar.js]
[trydo.pixcelsthemes.com/trydo/GET]
[trydo.pixcelsthemes.com/trydo/Error pJS - No image.src]
[trydo.pixcelsthemes.com/trydo/assets/js/vendor/particles.js]
[trydo.pixcelsthemes.com/trydo/assets/js/vendor/masonry.js]
[trydo.pixcelsthemes.com/trydo/assets/js/vendor/stickysidebar.js]
[trydo.pixcelsthemes.com/trydo/youtube.com/v/index.html]
[trydo.pixcelsthemes.com/trydo/youtu.be/index.html]
[trydo.pixcelsthemes.com/trydo/youtube.com/embed/index.html]
[trydo.pixcelsthemes.com/trydo/node.100.delayed]
[trydo.pixcelsthemes.com/trydo/assets/js/plugins/plugins.js]
[trydo.pixcelsthemes.com/trydo/assets/js/vendor/js.cookie.js]
[trydo.pixcelsthemes.com/trydo/assets/js/vendor/jquery.style.switcher.js]
[trydo.pixcelsthemes.com/trydo/assets/js/vendor/jquery-one-page-nav.js]
[trydo.pixcelsthemes.com/trydo/assets/js/main.js]
[trydo.pixcelsthemes.com/trydo/assets/fonts/fontawesome-free/webfonts/fa-brands-400.svg]
[trydo.pixcelsthemes.com/trydo/assets/fonts/fontawesome-free/webfonts/fa-regular-400.svg]
[trydo.pixcelsthemes.com/trydo/assets/fonts/fontawesome-free/webfonts/fa-solid-900.svg]
[trydo.pixcelsthemes.com/trydo/assets/css/fonts/lgd641.html]
[trydo.pixcelsthemes.com/trydo/assets/images/icons/vimeo-play.html]
[trydo.pixcelsthemes.com/trydo/assets/images/icons/video-play.html]
[trydo.pixcelsthemes.com/trydo/assets/images/icons/youtube-play.html]
[trydo.pixcelsthemes.com/trydo/assets/fonts/slick.svg]
[trydo.pixcelsthemes.com/assets/images/client/image-1.html]
[trydo.pixcelsthemes.com/trydo/_assets/images/preview/preview-bg.html]
[trydo.pixcelsthemes.com/trydo/assets/images/portfolio/big/dp-big--portfolio-03.html]
[trydo.pixcelsthemes.com/trydo/assets/images/portfolio/dp-portfolio-03.html]
[trydo.pixcelsthemes.com/trydo/assets/images/portfolio/big/dp-big--portfolio-04.html]
[trydo.pixcelsthemes.com/trydo/assets/images/portfolio/dp-portfolio-04.html]
[trydo.pixcelsthemes.com/trydo/assets/images/portfolio/big/dp-big--portfolio-05.html]
[trydo.pixcelsthemes.com/trydo/assets/images/portfolio/dp-portfolio-05.html]
[trydo.pixcelsthemes.com/trydo/assets/images/portfolio/big/dp-big--portfolio-06.html]
[trydo.pixcelsthemes.com/trydo/assets/images/portfolio/dp-portfolio-06.html]
[trydo.pixcelsthemes.com/trydo/assets/images/service/video.html]
[trydo.pixcelsthemes.com/trydo/assets/images/bg/paralax/bg-image-2.html]
[trydo.pixcelsthemes.com/trydo/assets/images/bg/paralax/bg-image-3.html]
[trydo.pixcelsthemes.com/trydo/assets/images/bg/paralax/bg-image-6.html]
[trydo.pixcelsthemes.com/trydo/assets/images/bg/paralax/bg-image-7.html]
[trydo.pixcelsthemes.com/trydo/assets/images/bg/paralax/bg-image-8.html]
[trydo.pixcelsthemes.com/trydo/assets/images/bg/paralax/bg-image-4.html]
[trydo.pixcelsthemes.com/trydo/assets/images/about/finding-us-01.html]
[trydo.pixcelsthemes.com/trydo/assets/images/blog/blog-single-01.html]
[trydo.pixcelsthemes.com/trydo/assets/images/team/team-07.html]
[trydo.pixcelsthemes.com/trydo/GET.html]
[trydo.pixcelsthemes.com/trydo/Error pJS - No image.html]
[trydo.pixcelsthemes.com/trydo/youtu.be/index.html]
[trydo.pixcelsthemes.com/trydo/youtube.com/v/index.html]
[trydo.pixcelsthemes.com/trydo/youtube.com/embed/index.html]
[trydo.pixcelsthemes.com/trydo/node.html]
